../Drivers/CMSIS/Include/core_cm4.h:2059:26:ITM_SendChar	16	static,ignoring_inline_asm
../Core/Src/syscalls.c:38:5:_write	32	static
../Core/Src/syscalls.c:57:6:initialise_monitor_handles	4	static
../Core/Src/syscalls.c:61:5:_getpid	4	static
../Core/Src/syscalls.c:66:5:_kill	16	static
../Core/Src/syscalls.c:74:6:_exit	16	static
../Core/Src/syscalls.c:80:27:_read	32	static
../Core/Src/syscalls.c:94:5:_close	16	static
../Core/Src/syscalls.c:101:5:_fstat	16	static
../Core/Src/syscalls.c:108:5:_isatty	16	static
../Core/Src/syscalls.c:114:5:_lseek	24	static
../Core/Src/syscalls.c:122:5:_open	12	static
../Core/Src/syscalls.c:130:5:_wait	16	static
../Core/Src/syscalls.c:137:5:_unlink	16	static
../Core/Src/syscalls.c:144:5:_times	16	static
../Core/Src/syscalls.c:150:5:_stat	16	static
../Core/Src/syscalls.c:157:5:_link	16	static
../Core/Src/syscalls.c:165:5:_fork	8	static
../Core/Src/syscalls.c:171:5:_execve	24	static
